src/App.tsx(1,8): error TS1259: Module '"/Users/patrickhuber/Documents/Antigravity Projects/Groovelab app/node_modules/@types/react/index"' can only be default-imported using the 'esModuleInterop' flag
src/App.tsx(9,32): error TS6142: Module './components/BandProfileContent' was resolved to '/Users/patrickhuber/Documents/Antigravity Projects/Groovelab app/src/components/BandProfileContent.tsx', but '--jsx' is not set.
src/App.tsx(11,29): error TS6142: Module './components/LoginScreen' was resolved to '/Users/patrickhuber/Documents/Antigravity Projects/Groovelab app/src/components/LoginScreen.tsx', but '--jsx' is not set.
src/App.tsx(12,29): error TS6142: Module './components/QRCodeModal' was resolved to '/Users/patrickhuber/Documents/Antigravity Projects/Groovelab app/src/components/QRCodeModal.tsx', but '--jsx' is not set.
src/App.tsx(13,35): error TS6142: Module './components/DeviceSetupScreen' was resolved to '/Users/patrickhuber/Documents/Antigravity Projects/Groovelab app/src/components/DeviceSetupScreen.tsx', but '--jsx' is not set.
src/App.tsx(14,34): error TS6142: Module './components/TeacherDashboard' was resolved to '/Users/patrickhuber/Documents/Antigravity Projects/Groovelab app/src/components/TeacherDashboard.tsx', but '--jsx' is not set.
src/App.tsx(15,32): error TS6142: Module './components/AdminDashboard' was resolved to '/Users/patrickhuber/Documents/Antigravity Projects/Groovelab app/src/components/AdminDashboard.tsx', but '--jsx' is not set.
src/App.tsx(16,36): error TS6142: Module './components/TeacherDetailModal' was resolved to '/Users/patrickhuber/Documents/Antigravity Projects/Groovelab app/src/components/TeacherDetailModal.tsx', but '--jsx' is not set.
src/App.tsx(154,10): error TS2339: Property 'state' does not exist on type 'ErrorBoundary'.
src/App.tsx(166,14): error TS2339: Property 'state' does not exist on type 'ErrorBoundary'.
src/App.tsx(167,19): error TS2339: Property 'props' does not exist on type 'ErrorBoundary'.
src/App.tsx(168,9): error TS17004: Cannot use JSX unless the '--jsx' flag is provided.
src/App.tsx(177,11): error TS17004: Cannot use JSX unless the '--jsx' flag is provided.
src/App.tsx(178,11): error TS17004: Cannot use JSX unless the '--jsx' flag is provided.
src/App.tsx(179,11): error TS17004: Cannot use JSX unless the '--jsx' flag is provided.
src/App.tsx(182,11): error TS17004: Cannot use JSX unless the '--jsx' flag is provided.
src/App.tsx(204,17): error TS2339: Property 'props' does not exist on type 'ErrorBoundary'.
src/App.tsx(253,18): error TS2339: Property 'toLowerCase' does not exist on type 'unknown'.
src/App.tsx(309,5): error TS17004: Cannot use JSX unless the '--jsx' flag is provided.
src/App.tsx(310,7): error TS17004: Cannot use JSX unless the '--jsx' flag is provided.
src/App.tsx(329,11): error TS17004: Cannot use JSX unless the '--jsx' flag is provided.
src/App.tsx(348,13): error TS17004: Cannot use JSX unless the '--jsx' flag is provided.
src/App.tsx(352,9): error TS17004: Cannot use JSX unless the '--jsx' flag is provided.
src/App.tsx(353,11): error TS17004: Cannot use JSX unless the '--jsx' flag is provided.
src/App.tsx(354,13): error TS17004: Cannot use JSX unless the '--jsx' flag is provided.
src/App.tsx(372,15): error TS17004: Cannot use JSX unless the '--jsx' flag is provided.
src/App.tsx(375,13): error TS17004: Cannot use JSX unless the '--jsx' flag is provided.
src/App.tsx(376,15): error TS17004: Cannot use JSX unless the '--jsx' flag is provided.
src/App.tsx(379,15): error TS17004: Cannot use JSX unless the '--jsx' flag is provided.
src/App.tsx(385,11): error TS17004: Cannot use JSX unless the '--jsx' flag is provided.
src/App.tsx(387,17): error TS17004: Cannot use JSX unless the '--jsx' flag is provided.
src/App.tsx(403,19): error TS17004: Cannot use JSX unless the '--jsx' flag is provided.
src/App.tsx(404,19): error TS17004: Cannot use JSX unless the '--jsx' flag is provided.
src/App.tsx(412,17): error TS17004: Cannot use JSX unless the '--jsx' flag is provided.
src/App.tsx(430,19): error TS17004: Cannot use JSX unless the '--jsx' flag is provided.
src/App.tsx(435,11): error TS17004: Cannot use JSX unless the '--jsx' flag is provided.
src/App.tsx(436,13): error TS17004: Cannot use JSX unless the '--jsx' flag is provided.
src/App.tsx(437,15): error TS17004: Cannot use JSX unless the '--jsx' flag is provided.
src/App.tsx(438,15): error TS17004: Cannot use JSX unless the '--jsx' flag is provided.
src/App.tsx(443,13): error TS17004: Cannot use JSX unless the '--jsx' flag is provided.
src/App.tsx(457,15): error TS17004: Cannot use JSX unless the '--jsx' flag is provided.
src/App.tsx(462,9): error TS17004: Cannot use JSX unless the '--jsx' flag is provided.
src/App.tsx(471,11): error TS17004: Cannot use JSX unless the '--jsx' flag is provided.
src/App.tsx(473,13): error TS17004: Cannot use JSX unless the '--jsx' flag is provided.
src/App.tsx(474,15): error TS17004: Cannot use JSX unless the '--jsx' flag is provided.
src/App.tsx(475,17): error TS17004: Cannot use JSX unless the '--jsx' flag is provided.
src/App.tsx(476,17): error TS17004: Cannot use JSX unless the '--jsx' flag is provided.
src/App.tsx(477,19): error TS17004: Cannot use JSX unless the '--jsx' flag is provided.
src/App.tsx(489,19): error TS17004: Cannot use JSX unless the '--jsx' flag is provided.
src/App.tsx(505,17): error TS17004: Cannot use JSX unless the '--jsx' flag is provided.
src/App.tsx(506,19): error TS17004: Cannot use JSX unless the '--jsx' flag is provided.
src/App.tsx(507,21): error TS17004: Cannot use JSX unless the '--jsx' flag is provided.
src/App.tsx(509,19): error TS17004: Cannot use JSX unless the '--jsx' flag is provided.
src/App.tsx(510,21): error TS17004: Cannot use JSX unless the '--jsx' flag is provided.
src/App.tsx(511,21): error TS17004: Cannot use JSX unless the '--jsx' flag is provided.
src/App.tsx(515,17): error TS17004: Cannot use JSX unless the '--jsx' flag is provided.
src/App.tsx(516,19): error TS17004: Cannot use JSX unless the '--jsx' flag is provided.
src/App.tsx(525,19): error TS17004: Cannot use JSX unless the '--jsx' flag is provided.
src/App.tsx(526,21): error TS17004: Cannot use JSX unless the '--jsx' flag is provided.
src/App.tsx(527,23): error TS17004: Cannot use JSX unless the '--jsx' flag is provided.
src/App.tsx(529,21): error TS17004: Cannot use JSX unless the '--jsx' flag is provided.
src/App.tsx(530,23): error TS17004: Cannot use JSX unless the '--jsx' flag is provided.
src/App.tsx(531,23): error TS17004: Cannot use JSX unless the '--jsx' flag is provided.
src/App.tsx(536,17): error TS17004: Cannot use JSX unless the '--jsx' flag is provided.
src/App.tsx(537,19): error TS17004: Cannot use JSX unless the '--jsx' flag is provided.
src/App.tsx(538,21): error TS17004: Cannot use JSX unless the '--jsx' flag is provided.
src/App.tsx(539,24): error TS17004: Cannot use JSX unless the '--jsx' flag is provided.
src/App.tsx(542,21): error TS17004: Cannot use JSX unless the '--jsx' flag is provided.
src/App.tsx(545,19): error TS17004: Cannot use JSX unless the '--jsx' flag is provided.
src/App.tsx(546,21): error TS17004: Cannot use JSX unless the '--jsx' flag is provided.
src/App.tsx(548,21): error TS17004: Cannot use JSX unless the '--jsx' flag is provided.
src/App.tsx(557,21): error TS17004: Cannot use JSX unless the '--jsx' flag is provided.
src/App.tsx(619,19): error TS17004: Cannot use JSX unless the '--jsx' flag is provided.
src/App.tsx(620,21): error TS17004: Cannot use JSX unless the '--jsx' flag is provided.
src/App.tsx(621,23): error TS17004: Cannot use JSX unless the '--jsx' flag is provided.
src/App.tsx(622,25): error TS17004: Cannot use JSX unless the '--jsx' flag is provided.
src/App.tsx(622,59): error TS17004: Cannot use JSX unless the '--jsx' flag is provided.
src/App.tsx(623,25): error TS17004: Cannot use JSX unless the '--jsx' flag is provided.
src/App.tsx(624,42): error TS17004: Cannot use JSX unless the '--jsx' flag is provided.
src/App.tsx(629,25): error TS17004: Cannot use JSX unless the '--jsx' flag is provided.
src/App.tsx(630,27): error TS17004: Cannot use JSX unless the '--jsx' flag is provided.
src/App.tsx(633,25): error TS17004: Cannot use JSX unless the '--jsx' flag is provided.
src/App.tsx(639,21): error TS17004: Cannot use JSX unless the '--jsx' flag is provided.
src/App.tsx(643,27): error TS17004: Cannot use JSX unless the '--jsx' flag is provided.
src/App.tsx(649,29): error TS17004: Cannot use JSX unless the '--jsx' flag is provided.
src/App.tsx(651,34): error TS17004: Cannot use JSX unless the '--jsx' flag is provided.
src/App.tsx(653,34): error TS17004: Cannot use JSX unless the '--jsx' flag is provided.
src/App.tsx(656,29): error TS17004: Cannot use JSX unless the '--jsx' flag is provided.
src/App.tsx(664,25): error TS17004: Cannot use JSX unless the '--jsx' flag is provided.
src/App.tsx(669,27): error TS17004: Cannot use JSX unless the '--jsx' flag is provided.
src/App.tsx(672,27): error TS17004: Cannot use JSX unless the '--jsx' flag is provided.
src/App.tsx(683,13): error TS17004: Cannot use JSX unless the '--jsx' flag is provided.
src/App.tsx(685,17): error TS17004: Cannot use JSX unless the '--jsx' flag is provided.
src/App.tsx(700,19): error TS17004: Cannot use JSX unless the '--jsx' flag is provided.
src/App.tsx(708,7): error TS17004: Cannot use JSX unless the '--jsx' flag is provided.
src/App.tsx(710,11): error TS17004: Cannot use JSX unless the '--jsx' flag is provided.
src/App.tsx(711,14): error TS17004: Cannot use JSX unless the '--jsx' flag is provided.
src/App.tsx(720,15): error TS17004: Cannot use JSX unless the '--jsx' flag is provided.
src/App.tsx(722,13): error TS17004: Cannot use JSX unless the '--jsx' flag is provided.
src/App.tsx(731,15): error TS17004: Cannot use JSX unless the '--jsx' flag is provided.
src/App.tsx(735,11): error TS17004: Cannot use JSX unless the '--jsx' flag is provided.
src/App.tsx(750,13): error TS17004: Cannot use JSX unless the '--jsx' flag is provided.
src/App.tsx(1495,36): error TS2802: Type 'Set<unknown>' can only be iterated through when using the '--downlevelIteration' flag or with a '--target' of 'es2015' or higher.
src/App.tsx(1536,11): error TS2304: Cannot find name 'processedWall'.
src/App.tsx(1536,28): error TS2304: Cannot find name 'processedWall'.
src/App.tsx(1537,26): error TS2304: Cannot find name 'processedWall'.
src/App.tsx(1613,26): error TS2304: Cannot find name 'processedWall'.
src/App.tsx(2293,12): error TS17004: Cannot use JSX unless the '--jsx' flag is provided.
src/App.tsx(2371,24): error TS1343: The 'import.meta' meta-property is only allowed when the '--module' option is 'es2020', 'es2022', 'esnext', 'system', 'node16', 'node18', 'node20', or 'nodenext'.
src/App.tsx(2371,36): error TS2339: Property 'env' does not exist on type 'ImportMeta'.
src/App.tsx(2377,23): error TS1343: The 'import.meta' meta-property is only allowed when the '--module' option is 'es2020', 'es2022', 'esnext', 'system', 'node16', 'node18', 'node20', or 'nodenext'.
src/App.tsx(2377,35): error TS2339: Property 'env' does not exist on type 'ImportMeta'.
src/App.tsx(2378,40): error TS1343: The 'import.meta' meta-property is only allowed when the '--module' option is 'es2020', 'es2022', 'esnext', 'system', 'node16', 'node18', 'node20', or 'nodenext'.
src/App.tsx(2378,52): error TS2339: Property 'env' does not exist on type 'ImportMeta'.
src/App.tsx(2435,9): error TS17004: Cannot use JSX unless the '--jsx' flag is provided.
src/App.tsx(2437,12): error TS17004: Cannot use JSX unless the '--jsx' flag is provided.
src/App.tsx(2438,15): error TS17004: Cannot use JSX unless the '--jsx' flag is provided.
src/App.tsx(2439,17): error TS17004: Cannot use JSX unless the '--jsx' flag is provided.
src/App.tsx(2441,15): error TS17004: Cannot use JSX unless the '--jsx' flag is provided.
src/App.tsx(2443,12): error TS17004: Cannot use JSX unless the '--jsx' flag is provided.
src/App.tsx(2464,7): error TS17004: Cannot use JSX unless the '--jsx' flag is provided.
src/App.tsx(2465,9): error TS17004: Cannot use JSX unless the '--jsx' flag is provided.
src/App.tsx(2466,11): error TS17004: Cannot use JSX unless the '--jsx' flag is provided.
src/App.tsx(2468,9): error TS17004: Cannot use JSX unless the '--jsx' flag is provided.
src/App.tsx(2475,12): error TS17004: Cannot use JSX unless the '--jsx' flag is provided.
src/App.tsx(2479,12): error TS17004: Cannot use JSX unless the '--jsx' flag is provided.
src/App.tsx(2578,5): error TS17004: Cannot use JSX unless the '--jsx' flag is provided.
src/App.tsx(2579,7): error TS17004: Cannot use JSX unless the '--jsx' flag is provided.
src/App.tsx(2588,7): error TS17004: Cannot use JSX unless the '--jsx' flag is provided.
src/App.tsx(2589,9): error TS17004: Cannot use JSX unless the '--jsx' flag is provided.
src/App.tsx(2590,11): error TS17004: Cannot use JSX unless the '--jsx' flag is provided.
src/App.tsx(2600,13): error TS17004: Cannot use JSX unless the '--jsx' flag is provided.
src/App.tsx(2602,11): error TS17004: Cannot use JSX unless the '--jsx' flag is provided.
src/App.tsx(2610,9): error TS17004: Cannot use JSX unless the '--jsx' flag is provided.
src/App.tsx(2612,13): error TS17004: Cannot use JSX unless the '--jsx' flag is provided.
src/App.tsx(2613,15): error TS17004: Cannot use JSX unless the '--jsx' flag is provided.
src/App.tsx(2614,17): error TS17004: Cannot use JSX unless the '--jsx' flag is provided.
src/App.tsx(2616,15): error TS17004: Cannot use JSX unless the '--jsx' flag is provided.
src/App.tsx(2617,17): error TS17004: Cannot use JSX unless the '--jsx' flag is provided.
src/App.tsx(2619,15): error TS17004: Cannot use JSX unless the '--jsx' flag is provided.
src/App.tsx(2620,17): error TS17004: Cannot use JSX unless the '--jsx' flag is provided.
src/App.tsx(2622,15): error TS17004: Cannot use JSX unless the '--jsx' flag is provided.
src/App.tsx(2623,17): error TS17004: Cannot use JSX unless the '--jsx' flag is provided.
src/App.tsx(2625,15): error TS17004: Cannot use JSX unless the '--jsx' flag is provided.
src/App.tsx(2626,17): error TS17004: Cannot use JSX unless the '--jsx' flag is provided.
src/App.tsx(2628,15): error TS17004: Cannot use JSX unless the '--jsx' flag is provided.
src/App.tsx(2629,17): error TS17004: Cannot use JSX unless the '--jsx' flag is provided.
src/App.tsx(2631,15): error TS17004: Cannot use JSX unless the '--jsx' flag is provided.
src/App.tsx(2632,17): error TS17004: Cannot use JSX unless the '--jsx' flag is provided.
src/App.tsx(2635,15): error TS17004: Cannot use JSX unless the '--jsx' flag is provided.
src/App.tsx(2636,17): error TS17004: Cannot use JSX unless the '--jsx' flag is provided.
src/App.tsx(2640,13): error TS17004: Cannot use JSX unless the '--jsx' flag is provided.
src/App.tsx(2641,15): error TS17004: Cannot use JSX unless the '--jsx' flag is provided.
src/App.tsx(2648,17): error TS17004: Cannot use JSX unless the '--jsx' flag is provided.
src/App.tsx(2650,15): error TS17004: Cannot use JSX unless the '--jsx' flag is provided.
src/App.tsx(2651,17): error TS17004: Cannot use JSX unless the '--jsx' flag is provided.
src/App.tsx(2653,15): error TS17004: Cannot use JSX unless the '--jsx' flag is provided.
src/App.tsx(2654,17): error TS17004: Cannot use JSX unless the '--jsx' flag is provided.
src/App.tsx(2656,15): error TS17004: Cannot use JSX unless the '--jsx' flag is provided.
src/App.tsx(2657,17): error TS17004: Cannot use JSX unless the '--jsx' flag is provided.
src/App.tsx(2659,15): error TS17004: Cannot use JSX unless the '--jsx' flag is provided.
src/App.tsx(2660,17): error TS17004: Cannot use JSX unless the '--jsx' flag is provided.
src/App.tsx(2662,15): error TS17004: Cannot use JSX unless the '--jsx' flag is provided.
src/App.tsx(2663,17): error TS17004: Cannot use JSX unless the '--jsx' flag is provided.
src/App.tsx(2665,15): error TS17004: Cannot use JSX unless the '--jsx' flag is provided.
src/App.tsx(2666,17): error TS17004: Cannot use JSX unless the '--jsx' flag is provided.
src/App.tsx(2668,15): error TS17004: Cannot use JSX unless the '--jsx' flag is provided.
src/App.tsx(2669,17): error TS17004: Cannot use JSX unless the '--jsx' flag is provided.
src/App.tsx(2671,15): error TS17004: Cannot use JSX unless the '--jsx' flag is provided.
src/App.tsx(2672,17): error TS17004: Cannot use JSX unless the '--jsx' flag is provided.
src/App.tsx(2678,9): error TS17004: Cannot use JSX unless the '--jsx' flag is provided.
src/App.tsx(2679,11): error TS17004: Cannot use JSX unless the '--jsx' flag is provided.
src/App.tsx(2680,14): error TS17004: Cannot use JSX unless the '--jsx' flag is provided.
src/App.tsx(2681,17): error TS17004: Cannot use JSX unless the '--jsx' flag is provided.
src/App.tsx(2682,19): error TS17004: Cannot use JSX unless the '--jsx' flag is provided.
src/App.tsx(2683,21): error TS17004: Cannot use JSX unless the '--jsx' flag is provided.
src/App.tsx(2685,31): error TS17004: Cannot use JSX unless the '--jsx' flag is provided.
src/App.tsx(2687,17): error TS17004: Cannot use JSX unless the '--jsx' flag is provided.
src/App.tsx(2688,19): error TS17004: Cannot use JSX unless the '--jsx' flag is provided.
src/App.tsx(2689,19): error TS17004: Cannot use JSX unless the '--jsx' flag is provided.
src/App.tsx(2693,11): error TS17004: Cannot use JSX unless the '--jsx' flag is provided.
src/App.tsx(2698,13): error TS17004: Cannot use JSX unless the '--jsx' flag is provided.
src/App.tsx(2700,11): error TS17004: Cannot use JSX unless the '--jsx' flag is provided.
src/App.tsx(2704,13): error TS17004: Cannot use JSX unless the '--jsx' flag is provided.
src/App.tsx(2709,7): error TS17004: Cannot use JSX unless the '--jsx' flag is provided.
src/App.tsx(2710,9): error TS17004: Cannot use JSX unless the '--jsx' flag is provided.
src/App.tsx(2711,11): error TS17004: Cannot use JSX unless the '--jsx' flag is provided.
src/App.tsx(2713,13): error TS17004: Cannot use JSX unless the '--jsx' flag is provided.
src/App.tsx(2715,16): error TS17004: Cannot use JSX unless the '--jsx' flag is provided.
src/App.tsx(2722,17): error TS17004: Cannot use JSX unless the '--jsx' flag is provided.
src/App.tsx(2723,17): error TS17004: Cannot use JSX unless the '--jsx' flag is provided.
src/App.tsx(2729,15): error TS17004: Cannot use JSX unless the '--jsx' flag is provided.
src/App.tsx(2734,17): error TS17004: Cannot use JSX unless the '--jsx' flag is provided.
src/App.tsx(2735,17): error TS17004: Cannot use JSX unless the '--jsx' flag is provided.
src/App.tsx(2741,15): error TS17004: Cannot use JSX unless the '--jsx' flag is provided.
src/App.tsx(2742,17): error TS17004: Cannot use JSX unless the '--jsx' flag is provided.
src/App.tsx(2743,17): error TS17004: Cannot use JSX unless the '--jsx' flag is provided.
src/App.tsx(2748,13): error TS17004: Cannot use JSX unless the '--jsx' flag is provided.
src/App.tsx(2749,15): error TS17004: Cannot use JSX unless the '--jsx' flag is provided.
src/App.tsx(2750,17): error TS17004: Cannot use JSX unless the '--jsx' flag is provided.
src/App.tsx(2751,17): error TS17004: Cannot use JSX unless the '--jsx' flag is provided.
src/App.tsx(2753,15): error TS17004: Cannot use JSX unless the '--jsx' flag is provided.
src/App.tsx(2754,17): error TS17004: Cannot use JSX unless the '--jsx' flag is provided.
src/App.tsx(2761,7): error TS17004: Cannot use JSX unless the '--jsx' flag is provided.
src/App.tsx(2764,11): error TS17004: Cannot use JSX unless the '--jsx' flag is provided.
src/App.tsx(2764,12): error TS2786: 'ErrorBoundary' cannot be used as a JSX component.
  Its type 'typeof ErrorBoundary' is not a valid JSX element type.
    Types of construct signatures are incompatible.
      Type 'new (props: any) => ErrorBoundary' is not assignable to type 'new (props: any, deprecatedLegacyContext?: any) => Component<any, any, any>'.
        Type 'ErrorBoundary' is missing the following properties from type 'Component<any, any, any>': context, setState, forceUpdate, props, and 2 more.
src/App.tsx(2765,13): error TS17004: Cannot use JSX unless the '--jsx' flag is provided.
src/App.tsx(2766,15): error TS17004: Cannot use JSX unless the '--jsx' flag is provided.
src/App.tsx(2767,15): error TS17004: Cannot use JSX unless the '--jsx' flag is provided.
src/App.tsx(2774,11): error TS17004: Cannot use JSX unless the '--jsx' flag is provided.
src/App.tsx(2774,12): error TS2786: 'ErrorBoundary' cannot be used as a JSX component.
  Its type 'typeof ErrorBoundary' is not a valid JSX element type.
    Types of construct signatures are incompatible.
      Type 'new (props: any) => ErrorBoundary' is not assignable to type 'new (props: any, deprecatedLegacyContext?: any) => Component<any, any, any>'.
        Type 'ErrorBoundary' is missing the following properties from type 'Component<any, any, any>': context, setState, forceUpdate, props, and 2 more.
src/App.tsx(2775,13): error TS17004: Cannot use JSX unless the '--jsx' flag is provided.
src/App.tsx(2777,15): error TS17004: Cannot use JSX unless the '--jsx' flag is provided.
src/App.tsx(2778,17): error TS17004: Cannot use JSX unless the '--jsx' flag is provided.
src/App.tsx(2779,19): error TS17004: Cannot use JSX unless the '--jsx' flag is provided.
src/App.tsx(2786,21): error TS17004: Cannot use JSX unless the '--jsx' flag is provided.
src/App.tsx(2791,19): error TS17004: Cannot use JSX unless the '--jsx' flag is provided.
src/App.tsx(2792,21): error TS17004: Cannot use JSX unless the '--jsx' flag is provided.
src/App.tsx(2804,23): error TS17004: Cannot use JSX unless the '--jsx' flag is provided.
src/App.tsx(2809,17): error TS17004: Cannot use JSX unless the '--jsx' flag is provided.
src/App.tsx(2810,19): error TS17004: Cannot use JSX unless the '--jsx' flag is provided.
src/App.tsx(2811,21): error TS17004: Cannot use JSX unless the '--jsx' flag is provided.
src/App.tsx(2812,21): error TS17004: Cannot use JSX unless the '--jsx' flag is provided.
src/App.tsx(2813,21): error TS17004: Cannot use JSX unless the '--jsx' flag is provided.
src/App.tsx(2815,23): error TS17004: Cannot use JSX unless the '--jsx' flag is provided.
src/App.tsx(2817,21): error TS17004: Cannot use JSX unless the '--jsx' flag is provided.
src/App.tsx(2818,23): error TS17004: Cannot use JSX unless the '--jsx' flag is provided.
src/App.tsx(2821,19): error TS17004: Cannot use JSX unless the '--jsx' flag is provided.
src/App.tsx(2826,19): error TS17004: Cannot use JSX unless the '--jsx' flag is provided.
src/App.tsx(2842,25): error TS17004: Cannot use JSX unless the '--jsx' flag is provided.
src/App.tsx(2843,27): error TS17004: Cannot use JSX unless the '--jsx' flag is provided.
src/App.tsx(2844,27): error TS17004: Cannot use JSX unless the '--jsx' flag is provided.
src/App.tsx(2850,19): error TS17004: Cannot use JSX unless the '--jsx' flag is provided.
src/App.tsx(2854,39): error TS17004: Cannot use JSX unless the '--jsx' flag is provided.
src/App.tsx(2859,17): error TS17004: Cannot use JSX unless the '--jsx' flag is provided.
src/App.tsx(2861,19): error TS17004: Cannot use JSX unless the '--jsx' flag is provided.
src/App.tsx(2863,21): error TS17004: Cannot use JSX unless the '--jsx' flag is provided.
src/App.tsx(2864,23): error TS17004: Cannot use JSX unless the '--jsx' flag is provided.
src/App.tsx(2865,25): error TS17004: Cannot use JSX unless the '--jsx' flag is provided.
src/App.tsx(2865,59): error TS17004: Cannot use JSX unless the '--jsx' flag is provided.
src/App.tsx(2868,23): error TS17004: Cannot use JSX unless the '--jsx' flag is provided.
src/App.tsx(2869,25): error TS17004: Cannot use JSX unless the '--jsx' flag is provided.
src/App.tsx(2870,27): error TS17004: Cannot use JSX unless the '--jsx' flag is provided.
src/App.tsx(2871,29): error TS17004: Cannot use JSX unless the '--jsx' flag is provided.
src/App.tsx(2872,29): error TS17004: Cannot use JSX unless the '--jsx' flag is provided.
src/App.tsx(2873,31): error TS17004: Cannot use JSX unless the '--jsx' flag is provided.
src/App.tsx(2877,29): error TS17004: Cannot use JSX unless the '--jsx' flag is provided.
src/App.tsx(2884,21): error TS17004: Cannot use JSX unless the '--jsx' flag is provided.
src/App.tsx(2885,23): error TS17004: Cannot use JSX unless the '--jsx' flag is provided.
src/App.tsx(2886,25): error TS17004: Cannot use JSX unless the '--jsx' flag is provided.
src/App.tsx(2887,27): error TS17004: Cannot use JSX unless the '--jsx' flag is provided.
src/App.tsx(2888,29): error TS17004: Cannot use JSX unless the '--jsx' flag is provided.
src/App.tsx(2888,63): error TS17004: Cannot use JSX unless the '--jsx' flag is provided.
src/App.tsx(2891,31): error TS17004: Cannot use JSX unless the '--jsx' flag is provided.
src/App.tsx(2907,33): error TS17004: Cannot use JSX unless the '--jsx' flag is provided.
src/App.tsx(2911,27): error TS17004: Cannot use JSX unless the '--jsx' flag is provided.
src/App.tsx(2914,25): error TS17004: Cannot use JSX unless the '--jsx' flag is provided.
src/App.tsx(2915,27): error TS17004: Cannot use JSX unless the '--jsx' flag is provided.
src/App.tsx(2916,29): error TS17004: Cannot use JSX unless the '--jsx' flag is provided.
src/App.tsx(2918,27): error TS17004: Cannot use JSX unless the '--jsx' flag is provided.
src/App.tsx(2919,29): error TS17004: Cannot use JSX unless the '--jsx' flag is provided.
src/App.tsx(2941,36): error TS17004: Cannot use JSX unless the '--jsx' flag is provided.
src/App.tsx(2956,29): error TS17004: Cannot use JSX unless the '--jsx' flag is provided.
src/App.tsx(2957,31): error TS17004: Cannot use JSX unless the '--jsx' flag is provided.
src/App.tsx(2959,33): error TS17004: Cannot use JSX unless the '--jsx' flag is provided.
src/App.tsx(2988,37): error TS17004: Cannot use JSX unless the '--jsx' flag is provided.
src/App.tsx(2989,39): error TS17004: Cannot use JSX unless the '--jsx' flag is provided.
src/App.tsx(3008,53): error TS17004: Cannot use JSX unless the '--jsx' flag is provided.
src/App.tsx(3022,43): error TS17004: Cannot use JSX unless the '--jsx' flag is provided.
src/App.tsx(3063,19): error TS17004: Cannot use JSX unless the '--jsx' flag is provided.
src/App.tsx(3065,21): error TS17004: Cannot use JSX unless the '--jsx' flag is provided.
src/App.tsx(3066,23): error TS17004: Cannot use JSX unless the '--jsx' flag is provided.
src/App.tsx(3067,25): error TS17004: Cannot use JSX unless the '--jsx' flag is provided.
src/App.tsx(3067,60): error TS17004: Cannot use JSX unless the '--jsx' flag is provided.
src/App.tsx(3070,23): error TS17004: Cannot use JSX unless the '--jsx' flag is provided.
src/App.tsx(3096,36): error TS17004: Cannot use JSX unless the '--jsx' flag is provided.
src/App.tsx(3100,29): error TS17004: Cannot use JSX unless the '--jsx' flag is provided.
src/App.tsx(3101,31): error TS17004: Cannot use JSX unless the '--jsx' flag is provided.
src/App.tsx(3117,33): error TS17004: Cannot use JSX unless the '--jsx' flag is provided.
src/App.tsx(3120,31): error TS17004: Cannot use JSX unless the '--jsx' flag is provided.
src/App.tsx(3121,33): error TS17004: Cannot use JSX unless the '--jsx' flag is provided.
src/App.tsx(3122,33): error TS17004: Cannot use JSX unless the '--jsx' flag is provided.
src/App.tsx(3125,31): error TS17004: Cannot use JSX unless the '--jsx' flag is provided.
src/App.tsx(3129,37): error TS17004: Cannot use JSX unless the '--jsx' flag is provided.
src/App.tsx(3143,39): error TS17004: Cannot use JSX unless the '--jsx' flag is provided.
src/App.tsx(3144,39): error TS17004: Cannot use JSX unless the '--jsx' flag is provided.
src/App.tsx(3157,21): error TS17004: Cannot use JSX unless the '--jsx' flag is provided.
src/App.tsx(3158,23): error TS17004: Cannot use JSX unless the '--jsx' flag is provided.
src/App.tsx(3159,25): error TS17004: Cannot use JSX unless the '--jsx' flag is provided.
src/App.tsx(3159,59): error TS17004: Cannot use JSX unless the '--jsx' flag is provided.
src/App.tsx(3162,23): error TS17004: Cannot use JSX unless the '--jsx' flag is provided.
src/App.tsx(3164,27): error TS17004: Cannot use JSX unless the '--jsx' flag is provided.
src/App.tsx(3167,29): error TS17004: Cannot use JSX unless the '--jsx' flag is provided.
src/App.tsx(3168,31): error TS17004: Cannot use JSX unless the '--jsx' flag is provided.
src/App.tsx(3169,33): error TS17004: Cannot use JSX unless the '--jsx' flag is provided.
src/App.tsx(3171,31): error TS17004: Cannot use JSX unless the '--jsx' flag is provided.
src/App.tsx(3172,33): error TS17004: Cannot use JSX unless the '--jsx' flag is provided.
src/App.tsx(3173,33): error TS17004: Cannot use JSX unless the '--jsx' flag is provided.
src/App.tsx(3177,31): error TS17004: Cannot use JSX unless the '--jsx' flag is provided.
src/App.tsx(3178,35): error TS17004: Cannot use JSX unless the '--jsx' flag is provided.
src/App.tsx(3182,41): error TS17004: Cannot use JSX unless the '--jsx' flag is provided.
src/App.tsx(3196,45): error TS17004: Cannot use JSX unless the '--jsx' flag is provided.
src/App.tsx(3198,45): error TS17004: Cannot use JSX unless the '--jsx' flag is provided.
src/App.tsx(3204,33): error TS17004: Cannot use JSX unless the '--jsx' flag is provided.
src/App.tsx(3222,11): error TS17004: Cannot use JSX unless the '--jsx' flag is provided.
src/App.tsx(3222,12): error TS2786: 'ErrorBoundary' cannot be used as a JSX component.
  Its type 'typeof ErrorBoundary' is not a valid JSX element type.
    Types of construct signatures are incompatible.
      Type 'new (props: any) => ErrorBoundary' is not assignable to type 'new (props: any, deprecatedLegacyContext?: any) => Component<any, any, any>'.
        Type 'ErrorBoundary' is missing the following properties from type 'Component<any, any, any>': context, setState, forceUpdate, props, and 2 more.
src/App.tsx(3223,13): error TS17004: Cannot use JSX unless the '--jsx' flag is provided.
src/App.tsx(3238,11): error TS17004: Cannot use JSX unless the '--jsx' flag is provided.
src/App.tsx(3238,12): error TS2786: 'ErrorBoundary' cannot be used as a JSX component.
  Its type 'typeof ErrorBoundary' is not a valid JSX element type.
    Types of construct signatures are incompatible.
      Type 'new (props: any) => ErrorBoundary' is not assignable to type 'new (props: any, deprecatedLegacyContext?: any) => Component<any, any, any>'.
        Type 'ErrorBoundary' is missing the following properties from type 'Component<any, any, any>': context, setState, forceUpdate, props, and 2 more.
src/App.tsx(3239,13): error TS17004: Cannot use JSX unless the '--jsx' flag is provided.
src/App.tsx(3241,15): error TS17004: Cannot use JSX unless the '--jsx' flag is provided.
src/App.tsx(3267,21): error TS17004: Cannot use JSX unless the '--jsx' flag is provided.
src/App.tsx(3268,23): error TS17004: Cannot use JSX unless the '--jsx' flag is provided.
src/App.tsx(3271,23): error TS17004: Cannot use JSX unless the '--jsx' flag is provided.
src/App.tsx(3272,25): error TS17004: Cannot use JSX unless the '--jsx' flag is provided.
src/App.tsx(3276,23): error TS17004: Cannot use JSX unless the '--jsx' flag is provided.
src/App.tsx(3277,25): error TS17004: Cannot use JSX unless the '--jsx' flag is provided.
src/App.tsx(3285,15): error TS17004: Cannot use JSX unless the '--jsx' flag is provided.
src/App.tsx(3286,17): error TS17004: Cannot use JSX unless the '--jsx' flag is provided.
src/App.tsx(3288,19): error TS17004: Cannot use JSX unless the '--jsx' flag is provided.
src/App.tsx(3289,21): error TS17004: Cannot use JSX unless the '--jsx' flag is provided.
src/App.tsx(3290,21): error TS17004: Cannot use JSX unless the '--jsx' flag is provided.
src/App.tsx(3300,19): error TS17004: Cannot use JSX unless the '--jsx' flag is provided.
src/App.tsx(3301,21): error TS17004: Cannot use JSX unless the '--jsx' flag is provided.
src/App.tsx(3314,21): error TS17004: Cannot use JSX unless the '--jsx' flag is provided.
src/App.tsx(3331,17): error TS17004: Cannot use JSX unless the '--jsx' flag is provided.
src/App.tsx(3332,19): error TS17004: Cannot use JSX unless the '--jsx' flag is provided.
src/App.tsx(3339,21): error TS17004: Cannot use JSX unless the '--jsx' flag is provided.
src/App.tsx(3357,17): error TS17004: Cannot use JSX unless the '--jsx' flag is provided.
src/App.tsx(3358,19): error TS17004: Cannot use JSX unless the '--jsx' flag is provided.
src/App.tsx(3359,19): error TS17004: Cannot use JSX unless the '--jsx' flag is provided.
src/App.tsx(3360,19): error TS17004: Cannot use JSX unless the '--jsx' flag is provided.
src/App.tsx(3360,81): error TS17004: Cannot use JSX unless the '--jsx' flag is provided.
src/App.tsx(3363,17): error TS17004: Cannot use JSX unless the '--jsx' flag is provided.
src/App.tsx(3364,20): error TS17004: Cannot use JSX unless the '--jsx' flag is provided.
src/App.tsx(3365,20): error TS17004: Cannot use JSX unless the '--jsx' flag is provided.
src/App.tsx(3366,20): error TS17004: Cannot use JSX unless the '--jsx' flag is provided.
src/App.tsx(3369,15): error TS17004: Cannot use JSX unless the '--jsx' flag is provided.
src/App.tsx(3371,19): error TS17004: Cannot use JSX unless the '--jsx' flag is provided.
src/App.tsx(3372,21): error TS17004: Cannot use JSX unless the '--jsx' flag is provided.
src/App.tsx(3390,11): error TS17004: Cannot use JSX unless the '--jsx' flag is provided.
src/App.tsx(3390,12): error TS2786: 'ErrorBoundary' cannot be used as a JSX component.
  Its type 'typeof ErrorBoundary' is not a valid JSX element type.
    Types of construct signatures are incompatible.
      Type 'new (props: any) => ErrorBoundary' is not assignable to type 'new (props: any, deprecatedLegacyContext?: any) => Component<any, any, any>'.
        Type 'ErrorBoundary' is missing the following properties from type 'Component<any, any, any>': context, setState, forceUpdate, props, and 2 more.
src/App.tsx(3391,13): error TS17004: Cannot use JSX unless the '--jsx' flag is provided.
src/App.tsx(3392,15): error TS17004: Cannot use JSX unless the '--jsx' flag is provided.
src/App.tsx(3393,17): error TS17004: Cannot use JSX unless the '--jsx' flag is provided.
src/App.tsx(3394,19): error TS17004: Cannot use JSX unless the '--jsx' flag is provided.
src/App.tsx(3394,53): error TS17004: Cannot use JSX unless the '--jsx' flag is provided.
src/App.tsx(3397,17): error TS17004: Cannot use JSX unless the '--jsx' flag is provided.
src/App.tsx(3400,15): error TS17004: Cannot use JSX unless the '--jsx' flag is provided.
src/App.tsx(3402,19): error TS17004: Cannot use JSX unless the '--jsx' flag is provided.
src/App.tsx(3403,21): error TS17004: Cannot use JSX unless the '--jsx' flag is provided.
src/App.tsx(3404,21): error TS17004: Cannot use JSX unless the '--jsx' flag is provided.
src/App.tsx(3405,21): error TS17004: Cannot use JSX unless the '--jsx' flag is provided.
src/App.tsx(3409,21): error TS17004: Cannot use JSX unless the '--jsx' flag is provided.
src/App.tsx(3410,23): error TS17004: Cannot use JSX unless the '--jsx' flag is provided.
src/App.tsx(3411,25): error TS17004: Cannot use JSX unless the '--jsx' flag is provided.
src/App.tsx(3412,27): error TS17004: Cannot use JSX unless the '--jsx' flag is provided.
src/App.tsx(3413,27): error TS17004: Cannot use JSX unless the '--jsx' flag is provided.
src/App.tsx(3415,25): error TS17004: Cannot use JSX unless the '--jsx' flag is provided.
src/App.tsx(3416,27): error TS17004: Cannot use JSX unless the '--jsx' flag is provided.
src/App.tsx(3420,23): error TS17004: Cannot use JSX unless the '--jsx' flag is provided.
src/App.tsx(3422,27): error TS17004: Cannot use JSX unless the '--jsx' flag is provided.
src/App.tsx(3428,23): error TS17004: Cannot use JSX unless the '--jsx' flag is provided.
src/App.tsx(3429,23): error TS17004: Cannot use JSX unless the '--jsx' flag is provided.
src/App.tsx(3434,25): error TS17004: Cannot use JSX unless the '--jsx' flag is provided.
src/App.tsx(3435,27): error TS17004: Cannot use JSX unless the '--jsx' flag is provided.
src/App.tsx(3436,29): error TS17004: Cannot use JSX unless the '--jsx' flag is provided.
src/App.tsx(3437,29): error TS17004: Cannot use JSX unless the '--jsx' flag is provided.
src/App.tsx(3439,33): error TS17004: Cannot use JSX unless the '--jsx' flag is provided.
src/App.tsx(3440,35): error TS17004: Cannot use JSX unless the '--jsx' flag is provided.
src/App.tsx(3448,29): error TS17004: Cannot use JSX unless the '--jsx' flag is provided.
src/App.tsx(3452,31): error TS17004: Cannot use JSX unless the '--jsx' flag is provided.
src/App.tsx(3468,11): error TS17004: Cannot use JSX unless the '--jsx' flag is provided.
src/App.tsx(3468,12): error TS2786: 'ErrorBoundary' cannot be used as a JSX component.
  Its type 'typeof ErrorBoundary' is not a valid JSX element type.
    Types of construct signatures are incompatible.
      Type 'new (props: any) => ErrorBoundary' is not assignable to type 'new (props: any, deprecatedLegacyContext?: any) => Component<any, any, any>'.
        Type 'ErrorBoundary' is missing the following properties from type 'Component<any, any, any>': context, setState, forceUpdate, props, and 2 more.
src/App.tsx(3469,13): error TS17004: Cannot use JSX unless the '--jsx' flag is provided.
src/App.tsx(3470,17): error TS17004: Cannot use JSX unless the '--jsx' flag is provided.
src/App.tsx(3471,19): error TS17004: Cannot use JSX unless the '--jsx' flag is provided.
src/App.tsx(3472,21): error TS17004: Cannot use JSX unless the '--jsx' flag is provided.
src/App.tsx(3473,23): error TS17004: Cannot use JSX unless the '--jsx' flag is provided.
src/App.tsx(3473,57): error TS17004: Cannot use JSX unless the '--jsx' flag is provided.
src/App.tsx(3476,21): error TS17004: Cannot use JSX unless the '--jsx' flag is provided.
src/App.tsx(3480,19): error TS17004: Cannot use JSX unless the '--jsx' flag is provided.
src/App.tsx(3486,23): error TS17004: Cannot use JSX unless the '--jsx' flag is provided.
src/App.tsx(3520,21): error TS17004: Cannot use JSX unless the '--jsx' flag is provided.
src/App.tsx(3521,23): error TS17004: Cannot use JSX unless the '--jsx' flag is provided.
src/App.tsx(3522,23): error TS17004: Cannot use JSX unless the '--jsx' flag is provided.
src/App.tsx(3523,23): error TS17004: Cannot use JSX unless the '--jsx' flag is provided.
src/App.tsx(3530,19): error TS17004: Cannot use JSX unless the '--jsx' flag is provided.
src/App.tsx(3541,21): error TS17004: Cannot use JSX unless the '--jsx' flag is provided.
src/App.tsx(3542,23): error TS17004: Cannot use JSX unless the '--jsx' flag is provided.
src/App.tsx(3554,25): error TS17004: Cannot use JSX unless the '--jsx' flag is provided.
src/App.tsx(3555,27): error TS17004: Cannot use JSX unless the '--jsx' flag is provided.
src/App.tsx(3564,27): error TS17004: Cannot use JSX unless the '--jsx' flag is provided.
src/App.tsx(3565,29): error TS17004: Cannot use JSX unless the '--jsx' flag is provided.
src/App.tsx(3566,29): error TS17004: Cannot use JSX unless the '--jsx' flag is provided.
src/App.tsx(3569,25): error TS17004: Cannot use JSX unless the '--jsx' flag is provided.
src/App.tsx(3570,27): error TS17004: Cannot use JSX unless the '--jsx' flag is provided.
src/App.tsx(3573,27): error TS17004: Cannot use JSX unless the '--jsx' flag is provided.
src/App.tsx(3574,43): error TS17004: Cannot use JSX unless the '--jsx' flag is provided.
src/App.tsx(3574,69): error TS17004: Cannot use JSX unless the '--jsx' flag is provided.
src/App.tsx(3580,25): error TS17004: Cannot use JSX unless the '--jsx' flag is provided.
src/App.tsx(3588,27): error TS17004: Cannot use JSX unless the '--jsx' flag is provided.
src/App.tsx(3595,29): error TS17004: Cannot use JSX unless the '--jsx' flag is provided.
src/App.tsx(3600,31): error TS17004: Cannot use JSX unless the '--jsx' flag is provided.
src/App.tsx(3601,33): error TS17004: Cannot use JSX unless the '--jsx' flag is provided.
src/App.tsx(3602,35): error TS17004: Cannot use JSX unless the '--jsx' flag is provided.
src/App.tsx(3609,39): error TS17004: Cannot use JSX unless the '--jsx' flag is provided.
src/App.tsx(3634,41): error TS17004: Cannot use JSX unless the '--jsx' flag is provided.
src/App.tsx(3641,35): error TS17004: Cannot use JSX unless the '--jsx' flag is provided.
src/App.tsx(3654,31): error TS17004: Cannot use JSX unless the '--jsx' flag is provided.
src/App.tsx(3661,37): error TS17004: Cannot use JSX unless the '--jsx' flag is provided.
src/App.tsx(3662,39): error TS17004: Cannot use JSX unless the '--jsx' flag is provided.
src/App.tsx(3670,43): error TS17004: Cannot use JSX unless the '--jsx' flag is provided.
src/App.tsx(3680,43): error TS17004: Cannot use JSX unless the '--jsx' flag is provided.
src/App.tsx(3683,39): error TS17004: Cannot use JSX unless the '--jsx' flag is provided.
src/App.tsx(3697,35): error TS17004: Cannot use JSX unless the '--jsx' flag is provided.
src/App.tsx(3716,27): error TS17004: Cannot use JSX unless the '--jsx' flag is provided.
src/App.tsx(3745,11): error TS17004: Cannot use JSX unless the '--jsx' flag is provided.
src/App.tsx(3745,12): error TS2786: 'ErrorBoundary' cannot be used as a JSX component.
  Its type 'typeof ErrorBoundary' is not a valid JSX element type.
    Types of construct signatures are incompatible.
      Type 'new (props: any) => ErrorBoundary' is not assignable to type 'new (props: any, deprecatedLegacyContext?: any) => Component<any, any, any>'.
        Type 'ErrorBoundary' is missing the following properties from type 'Component<any, any, any>': context, setState, forceUpdate, props, and 2 more.
src/App.tsx(3746,13): error TS17004: Cannot use JSX unless the '--jsx' flag is provided.
src/App.tsx(3747,15): error TS17004: Cannot use JSX unless the '--jsx' flag is provided.
src/App.tsx(3748,17): error TS17004: Cannot use JSX unless the '--jsx' flag is provided.
src/App.tsx(3749,19): error TS17004: Cannot use JSX unless the '--jsx' flag is provided.
src/App.tsx(3749,53): error TS17004: Cannot use JSX unless the '--jsx' flag is provided.
src/App.tsx(3755,15): error TS17004: Cannot use JSX unless the '--jsx' flag is provided.
src/App.tsx(3757,19): error TS17004: Cannot use JSX unless the '--jsx' flag is provided.
src/App.tsx(3759,21): error TS17004: Cannot use JSX unless the '--jsx' flag is provided.
src/App.tsx(3760,23): error TS17004: Cannot use JSX unless the '--jsx' flag is provided.
src/App.tsx(3766,23): error TS17004: Cannot use JSX unless the '--jsx' flag is provided.
src/App.tsx(3775,23): error TS17004: Cannot use JSX unless the '--jsx' flag is provided.
src/App.tsx(3776,25): error TS17004: Cannot use JSX unless the '--jsx' flag is provided.
src/App.tsx(3777,27): error TS17004: Cannot use JSX unless the '--jsx' flag is provided.
src/App.tsx(3778,27): error TS17004: Cannot use JSX unless the '--jsx' flag is provided.
src/App.tsx(3786,25): error TS17004: Cannot use JSX unless the '--jsx' flag is provided.
src/App.tsx(3787,27): error TS17004: Cannot use JSX unless the '--jsx' flag is provided.
src/App.tsx(3794,29): error TS17004: Cannot use JSX unless the '--jsx' flag is provided.
src/App.tsx(3806,21): error TS17004: Cannot use JSX unless the '--jsx' flag is provided.
src/App.tsx(3818,29): error TS17004: Cannot use JSX unless the '--jsx' flag is provided.
src/App.tsx(3819,31): error TS17004: Cannot use JSX unless the '--jsx' flag is provided.
src/App.tsx(3820,31): error TS17004: Cannot use JSX unless the '--jsx' flag is provided.
src/App.tsx(3823,31): error TS17004: Cannot use JSX unless the '--jsx' flag is provided.
src/App.tsx(3831,27): error TS17004: Cannot use JSX unless the '--jsx' flag is provided.
src/App.tsx(3841,29): error TS17004: Cannot use JSX unless the '--jsx' flag is provided.
src/App.tsx(3842,31): error TS17004: Cannot use JSX unless the '--jsx' flag is provided.
src/App.tsx(3843,35): error TS17004: Cannot use JSX unless the '--jsx' flag is provided.
src/App.tsx(3845,31): error TS17004: Cannot use JSX unless the '--jsx' flag is provided.
src/App.tsx(3846,35): error TS17004: Cannot use JSX unless the '--jsx' flag is provided.
src/App.tsx(3847,35): error TS17004: Cannot use JSX unless the '--jsx' flag is provided.
src/App.tsx(3848,37): error TS17004: Cannot use JSX unless the '--jsx' flag is provided.
src/App.tsx(3849,37): error TS17004: Cannot use JSX unless the '--jsx' flag is provided.
src/App.tsx(3850,37): error TS17004: Cannot use JSX unless the '--jsx' flag is provided.
src/App.tsx(3855,29): error TS17004: Cannot use JSX unless the '--jsx' flag is provided.
src/App.tsx(3856,31): error TS17004: Cannot use JSX unless the '--jsx' flag is provided.
src/App.tsx(3858,37): error TS17004: Cannot use JSX unless the '--jsx' flag is provided.
src/App.tsx(3860,43): error TS17004: Cannot use JSX unless the '--jsx' flag is provided.
src/App.tsx(3862,43): error TS17004: Cannot use JSX unless the '--jsx' flag is provided.
src/App.tsx(3867,31): error TS17004: Cannot use JSX unless the '--jsx' flag is provided.
src/App.tsx(3868,35): error TS17004: Cannot use JSX unless the '--jsx' flag is provided.
src/App.tsx(3878,19): error TS17004: Cannot use JSX unless the '--jsx' flag is provided.
src/App.tsx(3879,21): error TS17004: Cannot use JSX unless the '--jsx' flag is provided.
src/App.tsx(3880,21): error TS17004: Cannot use JSX unless the '--jsx' flag is provided.
src/App.tsx(3881,23): error TS17004: Cannot use JSX unless the '--jsx' flag is provided.
src/App.tsx(3883,23): error TS17004: Cannot use JSX unless the '--jsx' flag is provided.
src/App.tsx(3884,25): error TS17004: Cannot use JSX unless the '--jsx' flag is provided.
src/App.tsx(3885,25): error TS17004: Cannot use JSX unless the '--jsx' flag is provided.
src/App.tsx(3889,21): error TS17004: Cannot use JSX unless the '--jsx' flag is provided.
src/App.tsx(3937,29): error TS17004: Cannot use JSX unless the '--jsx' flag is provided.
src/App.tsx(3938,31): error TS17004: Cannot use JSX unless the '--jsx' flag is provided.
src/App.tsx(3939,31): error TS17004: Cannot use JSX unless the '--jsx' flag is provided.
src/App.tsx(3950,29): error TS17004: Cannot use JSX unless the '--jsx' flag is provided.
src/App.tsx(3951,31): error TS17004: Cannot use JSX unless the '--jsx' flag is provided.
src/App.tsx(3952,33): error TS17004: Cannot use JSX unless the '--jsx' flag is provided.
src/App.tsx(3955,33): error TS17004: Cannot use JSX unless the '--jsx' flag is provided.
src/App.tsx(3958,33): error TS17004: Cannot use JSX unless the '--jsx' flag is provided.
src/App.tsx(3959,41): error TS17004: Cannot use JSX unless the '--jsx' flag is provided.
src/App.tsx(3963,31): error TS17004: Cannot use JSX unless the '--jsx' flag is provided.
src/App.tsx(3964,33): error TS17004: Cannot use JSX unless the '--jsx' flag is provided.
src/App.tsx(3968,39): error TS17004: Cannot use JSX unless the '--jsx' flag is provided.
src/App.tsx(3971,50): error TS17004: Cannot use JSX unless the '--jsx' flag is provided.
src/App.tsx(3973,43): error TS17004: Cannot use JSX unless the '--jsx' flag is provided.
src/App.tsx(3973,173): error TS17004: Cannot use JSX unless the '--jsx' flag is provided.
src/App.tsx(3979,33): error TS17004: Cannot use JSX unless the '--jsx' flag is provided.
src/App.tsx(3985,33): error TS17004: Cannot use JSX unless the '--jsx' flag is provided.
src/App.tsx(3986,35): error TS17004: Cannot use JSX unless the '--jsx' flag is provided.
src/App.tsx(3989,33): error TS17004: Cannot use JSX unless the '--jsx' flag is provided.
src/App.tsx(4020,11): error TS17004: Cannot use JSX unless the '--jsx' flag is provided.
src/App.tsx(4020,12): error TS2786: 'ErrorBoundary' cannot be used as a JSX component.
  Its type 'typeof ErrorBoundary' is not a valid JSX element type.
    Types of construct signatures are incompatible.
      Type 'new (props: any) => ErrorBoundary' is not assignable to type 'new (props: any, deprecatedLegacyContext?: any) => Component<any, any, any>'.
        Type 'ErrorBoundary' is missing the following properties from type 'Component<any, any, any>': context, setState, forceUpdate, props, and 2 more.
src/App.tsx(4021,13): error TS17004: Cannot use JSX unless the '--jsx' flag is provided.
src/App.tsx(4022,15): error TS17004: Cannot use JSX unless the '--jsx' flag is provided.
src/App.tsx(4023,17): error TS17004: Cannot use JSX unless the '--jsx' flag is provided.
src/App.tsx(4024,19): error TS17004: Cannot use JSX unless the '--jsx' flag is provided.
src/App.tsx(4027,17): error TS17004: Cannot use JSX unless the '--jsx' flag is provided.
src/App.tsx(4031,15): error TS17004: Cannot use JSX unless the '--jsx' flag is provided.
src/App.tsx(4032,17): error TS17004: Cannot use JSX unless the '--jsx' flag is provided.
src/App.tsx(4034,19): error TS17004: Cannot use JSX unless the '--jsx' flag is provided.
src/App.tsx(4035,21): error TS17004: Cannot use JSX unless the '--jsx' flag is provided.
src/App.tsx(4036,21): error TS17004: Cannot use JSX unless the '--jsx' flag is provided.
src/App.tsx(4046,19): error TS17004: Cannot use JSX unless the '--jsx' flag is provided.
src/App.tsx(4047,21): error TS17004: Cannot use JSX unless the '--jsx' flag is provided.
src/App.tsx(4060,21): error TS17004: Cannot use JSX unless the '--jsx' flag is provided.
src/App.tsx(4077,17): error TS17004: Cannot use JSX unless the '--jsx' flag is provided.
src/App.tsx(4078,19): error TS17004: Cannot use JSX unless the '--jsx' flag is provided.
src/App.tsx(4085,21): error TS17004: Cannot use JSX unless the '--jsx' flag is provided.
src/App.tsx(4104,15): error TS17004: Cannot use JSX unless the '--jsx' flag is provided.
src/App.tsx(4106,19): error TS17004: Cannot use JSX unless the '--jsx' flag is provided.
src/App.tsx(4107,21): error TS17004: Cannot use JSX unless the '--jsx' flag is provided.
src/App.tsx(4108,21): error TS17004: Cannot use JSX unless the '--jsx' flag is provided.
src/App.tsx(4109,21): error TS17004: Cannot use JSX unless the '--jsx' flag is provided.
src/App.tsx(4113,17): error TS17004: Cannot use JSX unless the '--jsx' flag is provided.
src/App.tsx(4114,19): error TS17004: Cannot use JSX unless the '--jsx' flag is provided.
src/App.tsx(4115,21): error TS17004: Cannot use JSX unless the '--jsx' flag is provided.
src/App.tsx(4116,21): error TS17004: Cannot use JSX unless the '--jsx' flag is provided.
src/App.tsx(4117,21): error TS17004: Cannot use JSX unless the '--jsx' flag is provided.
src/App.tsx(4118,23): error TS17004: Cannot use JSX unless the '--jsx' flag is provided.
src/App.tsx(4120,25): error TS17004: Cannot use JSX unless the '--jsx' flag is provided.
src/App.tsx(4121,27): error TS17004: Cannot use JSX unless the '--jsx' flag is provided.
src/App.tsx(4127,21): error TS17004: Cannot use JSX unless the '--jsx' flag is provided.
src/App.tsx(4128,23): error TS17004: Cannot use JSX unless the '--jsx' flag is provided.
src/App.tsx(4131,21): error TS17004: Cannot use JSX unless the '--jsx' flag is provided.
src/App.tsx(4137,23): error TS17004: Cannot use JSX unless the '--jsx' flag is provided.
src/App.tsx(4138,23): error TS17004: Cannot use JSX unless the '--jsx' flag is provided.
src/App.tsx(4153,11): error TS17004: Cannot use JSX unless the '--jsx' flag is provided.
src/App.tsx(4153,12): error TS2786: 'ErrorBoundary' cannot be used as a JSX component.
  Its type 'typeof ErrorBoundary' is not a valid JSX element type.
    Types of construct signatures are incompatible.
      Type 'new (props: any) => ErrorBoundary' is not assignable to type 'new (props: any, deprecatedLegacyContext?: any) => Component<any, any, any>'.
        Type 'ErrorBoundary' is missing the following properties from type 'Component<any, any, any>': context, setState, forceUpdate, props, and 2 more.
src/App.tsx(4154,13): error TS17004: Cannot use JSX unless the '--jsx' flag is provided.
src/App.tsx(4155,15): error TS17004: Cannot use JSX unless the '--jsx' flag is provided.
src/App.tsx(4156,17): error TS17004: Cannot use JSX unless the '--jsx' flag is provided.
src/App.tsx(4157,19): error TS17004: Cannot use JSX unless the '--jsx' flag is provided.
src/App.tsx(4158,21): error TS17004: Cannot use JSX unless the '--jsx' flag is provided.
src/App.tsx(4160,19): error TS17004: Cannot use JSX unless the '--jsx' flag is provided.
src/App.tsx(4161,21): error TS17004: Cannot use JSX unless the '--jsx' flag is provided.
src/App.tsx(4162,21): error TS17004: Cannot use JSX unless the '--jsx' flag is provided.
src/App.tsx(4166,17): error TS17004: Cannot use JSX unless the '--jsx' flag is provided.
src/App.tsx(4168,21): error TS17004: Cannot use JSX unless the '--jsx' flag is provided.
src/App.tsx(4194,23): error TS17004: Cannot use JSX unless the '--jsx' flag is provided.
src/App.tsx(4204,23): error TS17004: Cannot use JSX unless the '--jsx' flag is provided.
src/App.tsx(4205,25): error TS17004: Cannot use JSX unless the '--jsx' flag is provided.
src/App.tsx(4206,27): error TS17004: Cannot use JSX unless the '--jsx' flag is provided.
src/App.tsx(4209,25): error TS17004: Cannot use JSX unless the '--jsx' flag is provided.
src/App.tsx(4210,27): error TS17004: Cannot use JSX unless the '--jsx' flag is provided.
src/App.tsx(4212,31): error TS17004: Cannot use JSX unless the '--jsx' flag is provided.
src/App.tsx(4215,27): error TS17004: Cannot use JSX unless the '--jsx' flag is provided.
src/App.tsx(4218,25): error TS17004: Cannot use JSX unless the '--jsx' flag is provided.
src/App.tsx(4233,25): error TS17004: Cannot use JSX unless the '--jsx' flag is provided.
src/App.tsx(4249,21): error TS17004: Cannot use JSX unless the '--jsx' flag is provided.
src/App.tsx(4250,23): error TS17004: Cannot use JSX unless the '--jsx' flag is provided.
src/App.tsx(4251,23): error TS17004: Cannot use JSX unless the '--jsx' flag is provided.
src/App.tsx(4252,23): error TS17004: Cannot use JSX unless the '--jsx' flag is provided.
src/App.tsx(4264,9): error TS17004: Cannot use JSX unless the '--jsx' flag is provided.
src/App.tsx(4265,11): error TS17004: Cannot use JSX unless the '--jsx' flag is provided.
src/App.tsx(4266,13): error TS17004: Cannot use JSX unless the '--jsx' flag is provided.
src/App.tsx(4270,15): error TS17004: Cannot use JSX unless the '--jsx' flag is provided.
src/App.tsx(4273,13): error TS17004: Cannot use JSX unless the '--jsx' flag is provided.
src/App.tsx(4274,15): error TS17004: Cannot use JSX unless the '--jsx' flag is provided.
src/App.tsx(4277,13): error TS17004: Cannot use JSX unless the '--jsx' flag is provided.
src/App.tsx(4278,13): error TS17004: Cannot use JSX unless the '--jsx' flag is provided.
src/App.tsx(4279,33): error TS17004: Cannot use JSX unless the '--jsx' flag is provided.
src/App.tsx(4282,13): error TS17004: Cannot use JSX unless the '--jsx' flag is provided.
src/App.tsx(4284,17): error TS17004: Cannot use JSX unless the '--jsx' flag is provided.
src/App.tsx(4285,19): error TS17004: Cannot use JSX unless the '--jsx' flag is provided.
src/App.tsx(4286,21): error TS17004: Cannot use JSX unless the '--jsx' flag is provided.
src/App.tsx(4292,23): error TS17004: Cannot use JSX unless the '--jsx' flag is provided.
src/App.tsx(4295,19): error TS17004: Cannot use JSX unless the '--jsx' flag is provided.
src/App.tsx(4296,19): error TS17004: Cannot use JSX unless the '--jsx' flag is provided.
src/App.tsx(4307,19): error TS17004: Cannot use JSX unless the '--jsx' flag is provided.
src/App.tsx(4308,21): error TS17004: Cannot use JSX unless the '--jsx' flag is provided.
src/App.tsx(4314,21): error TS17004: Cannot use JSX unless the '--jsx' flag is provided.
src/App.tsx(4326,19): error TS17004: Cannot use JSX unless the '--jsx' flag is provided.
src/App.tsx(4327,21): error TS17004: Cannot use JSX unless the '--jsx' flag is provided.
src/App.tsx(4328,59): error TS17004: Cannot use JSX unless the '--jsx' flag is provided.
src/App.tsx(4330,21): error TS17004: Cannot use JSX unless the '--jsx' flag is provided.
src/App.tsx(4331,21): error TS17004: Cannot use JSX unless the '--jsx' flag is provided.
src/App.tsx(4338,21): error TS17004: Cannot use JSX unless the '--jsx' flag is provided.
src/App.tsx(4350,17): error TS17004: Cannot use JSX unless the '--jsx' flag is provided.
src/App.tsx(4361,9): error TS17004: Cannot use JSX unless the '--jsx' flag is provided.
src/App.tsx(4362,11): error TS17004: Cannot use JSX unless the '--jsx' flag is provided.
src/App.tsx(4363,11): error TS17004: Cannot use JSX unless the '--jsx' flag is provided.
src/App.tsx(4364,13): error TS17004: Cannot use JSX unless the '--jsx' flag is provided.
src/App.tsx(4365,13): error TS17004: Cannot use JSX unless the '--jsx' flag is provided.
src/App.tsx(4366,58): error TS17004: Cannot use JSX unless the '--jsx' flag is provided.
src/App.tsx(4367,15): error TS17004: Cannot use JSX unless the '--jsx' flag is provided.
src/App.tsx(4367,106): error TS17004: Cannot use JSX unless the '--jsx' flag is provided.
src/App.tsx(4370,13): error TS17004: Cannot use JSX unless the '--jsx' flag is provided.
src/App.tsx(4381,7): error TS17004: Cannot use JSX unless the '--jsx' flag is provided.
src/App.tsx(4382,9): error TS17004: Cannot use JSX unless the '--jsx' flag is provided.
src/App.tsx(4387,11): error TS17004: Cannot use JSX unless the '--jsx' flag is provided.
src/App.tsx(4393,9): error TS17004: Cannot use JSX unless the '--jsx' flag is provided.
src/App.tsx(4394,11): error TS17004: Cannot use JSX unless the '--jsx' flag is provided.
src/App.tsx(4395,13): error TS17004: Cannot use JSX unless the '--jsx' flag is provided.
src/App.tsx(4396,15): error TS17004: Cannot use JSX unless the '--jsx' flag is provided.
src/App.tsx(4398,13): error TS17004: Cannot use JSX unless the '--jsx' flag is provided.
src/App.tsx(4399,13): error TS17004: Cannot use JSX unless the '--jsx' flag is provided.
src/App.tsx(4400,23): error TS17004: Cannot use JSX unless the '--jsx' flag is provided.
src/App.tsx(4403,13): error TS17004: Cannot use JSX unless the '--jsx' flag is provided.
src/App.tsx(4405,17): error TS17004: Cannot use JSX unless the '--jsx' flag is provided.
src/App.tsx(4406,19): error TS17004: Cannot use JSX unless the '--jsx' flag is provided.
src/App.tsx(4429,21): error TS17004: Cannot use JSX unless the '--jsx' flag is provided.
src/App.tsx(4436,23): error TS17004: Cannot use JSX unless the '--jsx' flag is provided.
src/App.tsx(4437,23): error TS17004: Cannot use JSX unless the '--jsx' flag is provided.
src/App.tsx(4438,25): error TS17004: Cannot use JSX unless the '--jsx' flag is provided.
src/App.tsx(4439,25): error TS17004: Cannot use JSX unless the '--jsx' flag is provided.
src/App.tsx(4441,23): error TS17004: Cannot use JSX unless the '--jsx' flag is provided.
src/App.tsx(4447,15): error TS17004: Cannot use JSX unless the '--jsx' flag is provided.
src/App.tsx(4449,15): error TS17004: Cannot use JSX unless the '--jsx' flag is provided.
src/App.tsx(4456,17): error TS17004: Cannot use JSX unless the '--jsx' flag is provided.
src/App.tsx(4459,15): error TS17004: Cannot use JSX unless the '--jsx' flag is provided.
src/App.tsx(4472,9): error TS17004: Cannot use JSX unless the '--jsx' flag is provided.
src/App.tsx(4476,9): error TS17004: Cannot use JSX unless the '--jsx' flag is provided.
src/App.tsx(4477,11): error TS17004: Cannot use JSX unless the '--jsx' flag is provided.
src/App.tsx(4484,11): error TS17004: Cannot use JSX unless the '--jsx' flag is provided.
src/App.tsx(4485,13): error TS17004: Cannot use JSX unless the '--jsx' flag is provided.
src/App.tsx(4489,15): error TS17004: Cannot use JSX unless the '--jsx' flag is provided.
src/App.tsx(4491,13): error TS17004: Cannot use JSX unless the '--jsx' flag is provided.
src/App.tsx(4495,15): error TS17004: Cannot use JSX unless the '--jsx' flag is provided.
src/App.tsx(4502,7): error TS17004: Cannot use JSX unless the '--jsx' flag is provided.
src/App.tsx(4503,9): error TS17004: Cannot use JSX unless the '--jsx' flag is provided.
src/App.tsx(4504,11): error TS17004: Cannot use JSX unless the '--jsx' flag is provided.
src/App.tsx(4505,11): error TS17004: Cannot use JSX unless the '--jsx' flag is provided.
src/App.tsx(4507,9): error TS17004: Cannot use JSX unless the '--jsx' flag is provided.
src/App.tsx(4508,11): error TS17004: Cannot use JSX unless the '--jsx' flag is provided.
src/App.tsx(4509,11): error TS17004: Cannot use JSX unless the '--jsx' flag is provided.
src/App.tsx(4511,9): error TS17004: Cannot use JSX unless the '--jsx' flag is provided.
src/App.tsx(4512,11): error TS17004: Cannot use JSX unless the '--jsx' flag is provided.
src/App.tsx(4513,11): error TS17004: Cannot use JSX unless the '--jsx' flag is provided.
src/App.tsx(4515,9): error TS17004: Cannot use JSX unless the '--jsx' flag is provided.
src/App.tsx(4516,11): error TS17004: Cannot use JSX unless the '--jsx' flag is provided.
src/App.tsx(4517,11): error TS17004: Cannot use JSX unless the '--jsx' flag is provided.
src/App.tsx(4519,9): error TS17004: Cannot use JSX unless the '--jsx' flag is provided.
src/App.tsx(4520,11): error TS17004: Cannot use JSX unless the '--jsx' flag is provided.
src/App.tsx(4521,11): error TS17004: Cannot use JSX unless the '--jsx' flag is provided.
src/App.tsx(4523,9): error TS17004: Cannot use JSX unless the '--jsx' flag is provided.
src/App.tsx(4524,11): error TS17004: Cannot use JSX unless the '--jsx' flag is provided.
src/App.tsx(4525,11): error TS17004: Cannot use JSX unless the '--jsx' flag is provided.
src/App.tsx(4527,9): error TS17004: Cannot use JSX unless the '--jsx' flag is provided.
src/App.tsx(4528,11): error TS17004: Cannot use JSX unless the '--jsx' flag is provided.
src/App.tsx(4529,11): error TS17004: Cannot use JSX unless the '--jsx' flag is provided.
src/App.tsx(4533,9): error TS17004: Cannot use JSX unless the '--jsx' flag is provided.
src/App.tsx(4541,9): error TS17004: Cannot use JSX unless the '--jsx' flag is provided.
src/App.tsx(4542,11): error TS17004: Cannot use JSX unless the '--jsx' flag is provided.
src/App.tsx(4543,13): error TS17004: Cannot use JSX unless the '--jsx' flag is provided.
src/App.tsx(4544,15): error TS17004: Cannot use JSX unless the '--jsx' flag is provided.
src/App.tsx(4545,15): error TS17004: Cannot use JSX unless the '--jsx' flag is provided.
src/App.tsx(4545,170): error TS17004: Cannot use JSX unless the '--jsx' flag is provided.
src/App.tsx(4548,13): error TS17004: Cannot use JSX unless the '--jsx' flag is provided.
src/App.tsx(4550,13): error TS17004: Cannot use JSX unless the '--jsx' flag is provided.
src/App.tsx(4551,15): error TS17004: Cannot use JSX unless the '--jsx' flag is provided.
src/App.tsx(4552,17): error TS17004: Cannot use JSX unless the '--jsx' flag is provided.
src/App.tsx(4553,19): error TS17004: Cannot use JSX unless the '--jsx' flag is provided.
src/App.tsx(4554,19): error TS17004: Cannot use JSX unless the '--jsx' flag is provided.
src/App.tsx(4556,17): error TS17004: Cannot use JSX unless the '--jsx' flag is provided.
src/App.tsx(4557,19): error TS17004: Cannot use JSX unless the '--jsx' flag is provided.
src/App.tsx(4558,19): error TS17004: Cannot use JSX unless the '--jsx' flag is provided.
src/App.tsx(4562,15): error TS17004: Cannot use JSX unless the '--jsx' flag is provided.
src/App.tsx(4563,17): error TS17004: Cannot use JSX unless the '--jsx' flag is provided.
src/App.tsx(4564,17): error TS17004: Cannot use JSX unless the '--jsx' flag is provided.
src/App.tsx(4568,23): error TS17004: Cannot use JSX unless the '--jsx' flag is provided.
src/App.tsx(4584,25): error TS17004: Cannot use JSX unless the '--jsx' flag is provided.
src/App.tsx(4591,15): error TS17004: Cannot use JSX unless the '--jsx' flag is provided.
src/App.tsx(4592,17): error TS17004: Cannot use JSX unless the '--jsx' flag is provided.
src/App.tsx(4593,17): error TS17004: Cannot use JSX unless the '--jsx' flag is provided.
src/App.tsx(4596,15): error TS17004: Cannot use JSX unless the '--jsx' flag is provided.
src/App.tsx(4597,17): error TS17004: Cannot use JSX unless the '--jsx' flag is provided.
src/App.tsx(4598,19): error TS17004: Cannot use JSX unless the '--jsx' flag is provided.
src/App.tsx(4599,19): error TS17004: Cannot use JSX unless the '--jsx' flag is provided.
src/App.tsx(4601,17): error TS17004: Cannot use JSX unless the '--jsx' flag is provided.
src/App.tsx(4602,19): error TS17004: Cannot use JSX unless the '--jsx' flag is provided.
src/App.tsx(4603,19): error TS17004: Cannot use JSX unless the '--jsx' flag is provided.
src/App.tsx(4607,15): error TS17004: Cannot use JSX unless the '--jsx' flag is provided.
src/App.tsx(4608,17): error TS17004: Cannot use JSX unless the '--jsx' flag is provided.
src/App.tsx(4609,19): error TS17004: Cannot use JSX unless the '--jsx' flag is provided.
src/App.tsx(4610,19): error TS17004: Cannot use JSX unless the '--jsx' flag is provided.
src/App.tsx(4612,17): error TS17004: Cannot use JSX unless the '--jsx' flag is provided.
src/App.tsx(4613,19): error TS17004: Cannot use JSX unless the '--jsx' flag is provided.
src/App.tsx(4614,19): error TS17004: Cannot use JSX unless the '--jsx' flag is provided.
src/App.tsx(4618,15): error TS17004: Cannot use JSX unless the '--jsx' flag is provided.
src/App.tsx(4619,17): error TS17004: Cannot use JSX unless the '--jsx' flag is provided.
src/App.tsx(4620,17): error TS17004: Cannot use JSX unless the '--jsx' flag is provided.
src/App.tsx(4628,9): error TS17004: Cannot use JSX unless the '--jsx' flag is provided.
src/App.tsx(4629,11): error TS17004: Cannot use JSX unless the '--jsx' flag is provided.
src/App.tsx(4630,13): error TS17004: Cannot use JSX unless the '--jsx' flag is provided.
src/App.tsx(4631,15): error TS17004: Cannot use JSX unless the '--jsx' flag is provided.
src/App.tsx(4632,15): error TS17004: Cannot use JSX unless the '--jsx' flag is provided.
src/App.tsx(4632,268): error TS17004: Cannot use JSX unless the '--jsx' flag is provided.
src/App.tsx(4635,13): error TS17004: Cannot use JSX unless the '--jsx' flag is provided.
src/App.tsx(4639,13): error TS17004: Cannot use JSX unless the '--jsx' flag is provided.
src/App.tsx(4640,15): error TS17004: Cannot use JSX unless the '--jsx' flag is provided.
src/App.tsx(4641,17): error TS17004: Cannot use JSX unless the '--jsx' flag is provided.
src/App.tsx(4642,17): error TS17004: Cannot use JSX unless the '--jsx' flag is provided.
src/App.tsx(4651,19): error TS17004: Cannot use JSX unless the '--jsx' flag is provided.
src/App.tsx(4654,15): error TS17004: Cannot use JSX unless the '--jsx' flag is provided.
src/App.tsx(4665,13): error TS17004: Cannot use JSX unless the '--jsx' flag is provided.
src/App.tsx(4666,15): error TS17004: Cannot use JSX unless the '--jsx' flag is provided.
src/App.tsx(4679,9): error TS17004: Cannot use JSX unless the '--jsx' flag is provided.
src/App.tsx(4680,11): error TS17004: Cannot use JSX unless the '--jsx' flag is provided.
src/App.tsx(4681,13): error TS17004: Cannot use JSX unless the '--jsx' flag is provided.
src/App.tsx(4682,15): error TS17004: Cannot use JSX unless the '--jsx' flag is provided.
src/App.tsx(4683,15): error TS17004: Cannot use JSX unless the '--jsx' flag is provided.
src/App.tsx(4684,15): error TS17004: Cannot use JSX unless the '--jsx' flag is provided.
src/App.tsx(4685,37): error TS17004: Cannot use JSX unless the '--jsx' flag is provided.
src/App.tsx(4686,33): error TS17004: Cannot use JSX unless the '--jsx' flag is provided.
src/App.tsx(4690,13): error TS17004: Cannot use JSX unless the '--jsx' flag is provided.
src/App.tsx(4691,15): error TS17004: Cannot use JSX unless the '--jsx' flag is provided.
src/App.tsx(4700,15): error TS17004: Cannot use JSX unless the '--jsx' flag is provided.
src/App.tsx(4711,9): error TS17004: Cannot use JSX unless the '--jsx' flag is provided.
src/App.tsx(4712,11): error TS17004: Cannot use JSX unless the '--jsx' flag is provided.
src/App.tsx(4713,13): error TS17004: Cannot use JSX unless the '--jsx' flag is provided.
src/App.tsx(4714,15): error TS17004: Cannot use JSX unless the '--jsx' flag is provided.
src/App.tsx(4714,278): error TS17004: Cannot use JSX unless the '--jsx' flag is provided.
src/App.tsx(4717,13): error TS17004: Cannot use JSX unless the '--jsx' flag is provided.
src/App.tsx(4718,15): error TS17004: Cannot use JSX unless the '--jsx' flag is provided.
src/App.tsx(4719,17): error TS17004: Cannot use JSX unless the '--jsx' flag is provided.
src/App.tsx(4721,15): error TS17004: Cannot use JSX unless the '--jsx' flag is provided.
src/App.tsx(4722,15): error TS17004: Cannot use JSX unless the '--jsx' flag is provided.
src/App.tsx(4727,13): error TS17004: Cannot use JSX unless the '--jsx' flag is provided.
src/App.tsx(4728,15): error TS17004: Cannot use JSX unless the '--jsx' flag is provided.
src/App.tsx(4729,17): error TS17004: Cannot use JSX unless the '--jsx' flag is provided.
src/App.tsx(4730,19): error TS17004: Cannot use JSX unless the '--jsx' flag is provided.
src/App.tsx(4731,19): error TS17004: Cannot use JSX unless the '--jsx' flag is provided.
src/App.tsx(4733,17): error TS17004: Cannot use JSX unless the '--jsx' flag is provided.
src/App.tsx(4734,17): error TS17004: Cannot use JSX unless the '--jsx' flag is provided.
src/App.tsx(4735,19): error TS17004: Cannot use JSX unless the '--jsx' flag is provided.
src/App.tsx(4736,19): error TS17004: Cannot use JSX unless the '--jsx' flag is provided.
src/App.tsx(4741,13): error TS17004: Cannot use JSX unless the '--jsx' flag is provided.
src/App.tsx(4751,9): error TS17004: Cannot use JSX unless the '--jsx' flag is provided.
src/App.tsx(4752,13): error TS17004: Cannot use JSX unless the '--jsx' flag is provided.
src/App.tsx(4773,9): error TS17004: Cannot use JSX unless the '--jsx' flag is provided.
src/App.tsx(4774,13): error TS17004: Cannot use JSX unless the '--jsx' flag is provided.
src/App.tsx(4796,13): error TS17004: Cannot use JSX unless the '--jsx' flag is provided.
src/App.tsx(4797,15): error TS17004: Cannot use JSX unless the '--jsx' flag is provided.
src/App.tsx(4798,15): error TS17004: Cannot use JSX unless the '--jsx' flag is provided.
src/App.tsx(4799,17): error TS17004: Cannot use JSX unless the '--jsx' flag is provided.
src/App.tsx(4803,13): error TS17004: Cannot use JSX unless the '--jsx' flag is provided.
src/App.tsx(4804,15): error TS17004: Cannot use JSX unless the '--jsx' flag is provided.
src/App.tsx(4805,17): error TS17004: Cannot use JSX unless the '--jsx' flag is provided.
src/App.tsx(4806,17): error TS17004: Cannot use JSX unless the '--jsx' flag is provided.
src/App.tsx(4809,15): error TS17004: Cannot use JSX unless the '--jsx' flag is provided.
src/App.tsx(4810,17): error TS17004: Cannot use JSX unless the '--jsx' flag is provided.
src/App.tsx(4811,17): error TS17004: Cannot use JSX unless the '--jsx' flag is provided.
src/App.tsx(4814,15): error TS17004: Cannot use JSX unless the '--jsx' flag is provided.
src/App.tsx(4815,17): error TS17004: Cannot use JSX unless the '--jsx' flag is provided.
src/App.tsx(4816,17): error TS17004: Cannot use JSX unless the '--jsx' flag is provided.
src/App.tsx(4819,15): error TS17004: Cannot use JSX unless the '--jsx' flag is provided.
src/App.tsx(4820,17): error TS17004: Cannot use JSX unless the '--jsx' flag is provided.
src/App.tsx(4821,17): error TS17004: Cannot use JSX unless the '--jsx' flag is provided.
src/App.tsx(4823,22): error TS17004: Cannot use JSX unless the '--jsx' flag is provided.
src/App.tsx(4824,25): error TS17004: Cannot use JSX unless the '--jsx' flag is provided.
src/App.tsx(4825,28): error TS17004: Cannot use JSX unless the '--jsx' flag is provided.
src/App.tsx(4835,28): error TS17004: Cannot use JSX unless the '--jsx' flag is provided.
src/App.tsx(4836,31): error TS17004: Cannot use JSX unless the '--jsx' flag is provided.
src/App.tsx(4846,31): error TS17004: Cannot use JSX unless the '--jsx' flag is provided.
src/App.tsx(4858,25): error TS17004: Cannot use JSX unless the '--jsx' flag is provided.
src/App.tsx(4861,119): error TS17004: Cannot use JSX unless the '--jsx' flag is provided.
src/App.tsx(4864,20): error TS17004: Cannot use JSX unless the '--jsx' flag is provided.
src/App.tsx(4871,15): error TS17004: Cannot use JSX unless the '--jsx' flag is provided.
src/App.tsx(4872,17): error TS17004: Cannot use JSX unless the '--jsx' flag is provided.
src/App.tsx(4876,21): error TS17004: Cannot use JSX unless the '--jsx' flag is provided.
src/App.tsx(4877,23): error TS17004: Cannot use JSX unless the '--jsx' flag is provided.
src/App.tsx(4887,23): error TS17004: Cannot use JSX unless the '--jsx' flag is provided.
src/App.tsx(4897,23): error TS17004: Cannot use JSX unless the '--jsx' flag is provided.
src/App.tsx(4900,117): error TS17004: Cannot use JSX unless the '--jsx' flag is provided.
src/App.tsx(4904,17): error TS17004: Cannot use JSX unless the '--jsx' flag is provided.
src/App.tsx(4910,15): error TS17004: Cannot use JSX unless the '--jsx' flag is provided.
src/App.tsx(4911,17): error TS17004: Cannot use JSX unless the '--jsx' flag is provided.
src/App.tsx(4915,21): error TS17004: Cannot use JSX unless the '--jsx' flag is provided.
src/App.tsx(4916,23): error TS17004: Cannot use JSX unless the '--jsx' flag is provided.
src/App.tsx(4926,23): error TS17004: Cannot use JSX unless the '--jsx' flag is provided.
src/App.tsx(4936,23): error TS17004: Cannot use JSX unless the '--jsx' flag is provided.
src/App.tsx(4939,117): error TS17004: Cannot use JSX unless the '--jsx' flag is provided.
src/App.tsx(4943,17): error TS17004: Cannot use JSX unless the '--jsx' flag is provided.
src/App.tsx(4951,15): error TS17004: Cannot use JSX unless the '--jsx' flag is provided.
src/App.tsx(4952,17): error TS17004: Cannot use JSX unless the '--jsx' flag is provided.
src/App.tsx(4953,17): error TS17004: Cannot use JSX unless the '--jsx' flag is provided.
src/App.tsx(4961,9): error TS17004: Cannot use JSX unless the '--jsx' flag is provided.
src/App.tsx(4962,12): error TS17004: Cannot use JSX unless the '--jsx' flag is provided.
src/App.tsx(4963,15): error TS17004: Cannot use JSX unless the '--jsx' flag is provided.
src/App.tsx(4964,18): error TS17004: Cannot use JSX unless the '--jsx' flag is provided.
src/App.tsx(4965,21): error TS17004: Cannot use JSX unless the '--jsx' flag is provided.
src/App.tsx(4966,21): error TS17004: Cannot use JSX unless the '--jsx' flag is provided.
src/App.tsx(4968,18): error TS17004: Cannot use JSX unless the '--jsx' flag is provided.
src/App.tsx(4969,21): error TS17004: Cannot use JSX unless the '--jsx' flag is provided.
src/App.tsx(4973,15): error TS17004: Cannot use JSX unless the '--jsx' flag is provided.
src/App.tsx(4989,22): error TS17004: Cannot use JSX unless the '--jsx' flag is provided.
src/App.tsx(5022,24): error TS17004: Cannot use JSX unless the '--jsx' flag is provided.
src/lib/supabase.ts(3,28): error TS1343: The 'import.meta' meta-property is only allowed when the '--module' option is 'es2020', 'es2022', 'esnext', 'system', 'node16', 'node18', 'node20', or 'nodenext'.
src/lib/supabase.ts(3,40): error TS2339: Property 'env' does not exist on type 'ImportMeta'.
src/lib/supabase.ts(4,32): error TS1343: The 'import.meta' meta-property is only allowed when the '--module' option is 'es2020', 'es2022', 'esnext', 'system', 'node16', 'node18', 'node20', or 'nodenext'.
src/lib/supabase.ts(4,44): error TS2339: Property 'env' does not exist on type 'ImportMeta'.
